"Object size","Center X","Center Y"
"487","124.0","267.8"
"898","126.0","209.8"
"415","130.7","253.8"
"852","138.7","368.9"
"808","261.7","404.6"
"901","30.9","444.8"
"577","313.1","329.5"
"574","317.4","301.6"
"596","338.8","141.3"
"730","364.7","136.7"
"459","370.5","406.3"
"231","377.0","423.4"
"1047","39.1","269.1"
"356","396.3","412.9"
"953","42.4","340.2"
"798","54.5","88.4"
"986","594.4","273.6"
"960","78.3","42.3"
"583","8.9","22.9"
