"Object size","Center X","Center Y"
"1166","226.9","283.4"
"551","295.7","80.4"
"652","295.8","102.8"
"537","340.6","125.9"
"323","357.2","137.1"
"385","362.4","158.7"
"506","397.1","161.3"
"928","497.3","299.3"
